[0.109s] Invoking command in '/home/ubuntu/uav_landing_sim_wg/build/micro_ros_msgs': CMAKE_PREFIX_PATH=${CMAKE_PREFIX_PATH}:/opt/ros/humble /usr/bin/cmake /home/ubuntu/uav_landing_sim_wg/src/uros/micro_ros_msgs -DCMAKE_INSTALL_PREFIX=/home/ubuntu/uav_landing_sim_wg/install/micro_ros_msgs
[0.174s] -- Found ament_cmake: 1.3.14 (/opt/ros/humble/share/ament_cmake/cmake)
[0.999s] -- Found rosidl_default_generators: 1.2.1 (/opt/ros/humble/share/rosidl_default_generators/cmake)
[1.013s] -- Using all available rosidl_typesupport_c: rosidl_typesupport_fastrtps_c;rosidl_typesupport_introspection_c
[1.040s] -- Found rosidl_adapter: 3.1.9 (/opt/ros/humble/share/rosidl_adapter/cmake)
[1.231s] -- Using all available rosidl_typesupport_cpp: rosidl_typesupport_fastrtps_cpp;rosidl_typesupport_introspection_cpp
[1.397s] -- Found ament_lint_auto: 0.12.15 (/opt/ros/humble/share/ament_lint_auto/cmake)
[2.968s] -- Found ament_cmake_ros: 0.10.1 (/opt/ros/humble/share/ament_cmake_ros/cmake)
[3.900s] -- Using all available rosidl_typesupport_c: rosidl_typesupport_fastrtps_c;rosidl_typesupport_introspection_c
[5.286s] -- Using all available rosidl_typesupport_cpp: rosidl_typesupport_fastrtps_cpp;rosidl_typesupport_introspection_cpp
[5.449s] -- Found python_cmake_module: 0.10.0 (/opt/ros/humble/share/python_cmake_module/cmake)
[5.632s] -- Using PYTHON_EXECUTABLE: /usr/bin/python3
[5.633s] -- Using PYTHON_INCLUDE_DIRS: /usr/include/python3.10
[5.635s] -- Using PYTHON_LIBRARIES: /usr/lib/aarch64-linux-gnu/libpython3.10.so
[6.433s] -- Added test 'copyright' to check source files copyright and LICENSE
[6.619s] -- Added test 'lint_cmake' to check CMake code style
[6.706s] -- Added test 'xmllint' to check XML markup files
[6.747s] -- Configuring done
[7.097s] -- Generating done
[7.203s] -- Build files have been written to: /home/ubuntu/uav_landing_sim_wg/build/micro_ros_msgs
[7.250s] Invoked command in '/home/ubuntu/uav_landing_sim_wg/build/micro_ros_msgs' returned '0': CMAKE_PREFIX_PATH=${CMAKE_PREFIX_PATH}:/opt/ros/humble /usr/bin/cmake /home/ubuntu/uav_landing_sim_wg/src/uros/micro_ros_msgs -DCMAKE_INSTALL_PREFIX=/home/ubuntu/uav_landing_sim_wg/install/micro_ros_msgs
[7.262s] Invoking command in '/home/ubuntu/uav_landing_sim_wg/build/micro_ros_msgs': CMAKE_PREFIX_PATH=${CMAKE_PREFIX_PATH}:/opt/ros/humble /usr/bin/cmake --build /home/ubuntu/uav_landing_sim_wg/build/micro_ros_msgs -- -j4 -l4
[7.786s] [35m[1mConsolidate compiler generated dependencies of target micro_ros_msgs__rosidl_generator_c[0m
[7.932s] [  2%] Built target micro_ros_msgs__cpp
[7.987s] [  4%] Built target micro_ros_msgs__rs
[7.992s] [ 14%] Built target micro_ros_msgs__rosidl_generator_c
[8.060s] [35m[1mConsolidate compiler generated dependencies of target micro_ros_msgs__rosidl_typesupport_cpp[0m
[8.078s] [35m[1mConsolidate compiler generated dependencies of target micro_ros_msgs__rosidl_typesupport_introspection_cpp[0m
[8.156s] [35m[1mConsolidate compiler generated dependencies of target micro_ros_msgs__rosidl_typesupport_introspection_c[0m
[8.195s] [ 14%] Built target ament_cmake_python_copy_micro_ros_msgs
[8.286s] [ 25%] Built target micro_ros_msgs__rosidl_typesupport_introspection_cpp
[8.301s] [ 35%] Built target micro_ros_msgs__rosidl_typesupport_cpp
[8.377s] [35m[1mConsolidate compiler generated dependencies of target micro_ros_msgs__rosidl_typesupport_fastrtps_cpp[0m
[8.388s] [ 45%] Built target micro_ros_msgs__rosidl_typesupport_introspection_c
[8.401s] [35m[1mConsolidate compiler generated dependencies of target micro_ros_msgs__rosidl_typesupport_c[0m
[8.448s] [35m[1mConsolidate compiler generated dependencies of target micro_ros_msgs__rosidl_typesupport_fastrtps_c[0m
[8.538s] [ 56%] Built target micro_ros_msgs__rosidl_typesupport_c
[8.548s] [ 66%] Built target micro_ros_msgs__rosidl_typesupport_fastrtps_cpp
[8.663s] [ 77%] Built target micro_ros_msgs__rosidl_typesupport_fastrtps_c
[8.968s] [ 77%] Built target micro_ros_msgs
[9.266s] [ 79%] Built target micro_ros_msgs__py
[9.413s] [35m[1mConsolidate compiler generated dependencies of target micro_ros_msgs__rosidl_generator_py[0m
[9.605s] [ 87%] Built target micro_ros_msgs__rosidl_generator_py
[9.750s] [35m[1mConsolidate compiler generated dependencies of target micro_ros_msgs__rosidl_typesupport_fastrtps_c__pyext[0m
[9.788s] [35m[1mConsolidate compiler generated dependencies of target micro_ros_msgs__rosidl_typesupport_introspection_c__pyext[0m
[9.804s] [35m[1mConsolidate compiler generated dependencies of target micro_ros_msgs__rosidl_typesupport_c__pyext[0m
[9.922s] [ 91%] Built target micro_ros_msgs__rosidl_typesupport_fastrtps_c__pyext
[9.949s] [ 95%] Built target micro_ros_msgs__rosidl_typesupport_introspection_c__pyext
[9.974s] [100%] Built target micro_ros_msgs__rosidl_typesupport_c__pyext
[10.892s] running egg_info
[10.900s] writing micro_ros_msgs.egg-info/PKG-INFO
[10.904s] writing dependency_links to micro_ros_msgs.egg-info/dependency_links.txt
[10.908s] writing top-level names to micro_ros_msgs.egg-info/top_level.txt
[10.926s] reading manifest file 'micro_ros_msgs.egg-info/SOURCES.txt'
[10.932s] writing manifest file 'micro_ros_msgs.egg-info/SOURCES.txt'
[11.148s] [100%] Built target ament_cmake_python_build_micro_ros_msgs_egg
[11.304s] Invoked command in '/home/ubuntu/uav_landing_sim_wg/build/micro_ros_msgs' returned '0': CMAKE_PREFIX_PATH=${CMAKE_PREFIX_PATH}:/opt/ros/humble /usr/bin/cmake --build /home/ubuntu/uav_landing_sim_wg/build/micro_ros_msgs -- -j4 -l4
[11.309s] Invoking command in '/home/ubuntu/uav_landing_sim_wg/build/micro_ros_msgs': CMAKE_PREFIX_PATH=${CMAKE_PREFIX_PATH}:/opt/ros/humble /usr/bin/cmake --install /home/ubuntu/uav_landing_sim_wg/build/micro_ros_msgs
[11.388s] -- Install configuration: ""
[11.389s] -- Up-to-date: /home/ubuntu/uav_landing_sim_wg/install/micro_ros_msgs/share/ament_index/resource_index/rosidl_interfaces/micro_ros_msgs
[11.391s] -- Up-to-date: /home/ubuntu/uav_landing_sim_wg/install/micro_ros_msgs/include/micro_ros_msgs/micro_ros_msgs
[11.392s] -- Up-to-date: /home/ubuntu/uav_landing_sim_wg/install/micro_ros_msgs/include/micro_ros_msgs/micro_ros_msgs/msg
[11.394s] -- Up-to-date: /home/ubuntu/uav_landing_sim_wg/install/micro_ros_msgs/include/micro_ros_msgs/micro_ros_msgs/msg/graph.h
[11.395s] -- Up-to-date: /home/ubuntu/uav_landing_sim_wg/install/micro_ros_msgs/include/micro_ros_msgs/micro_ros_msgs/msg/node.h
[11.395s] -- Up-to-date: /home/ubuntu/uav_landing_sim_wg/install/micro_ros_msgs/include/micro_ros_msgs/micro_ros_msgs/msg/entity.h
[11.396s] -- Up-to-date: /home/ubuntu/uav_landing_sim_wg/install/micro_ros_msgs/include/micro_ros_msgs/micro_ros_msgs/msg/rosidl_generator_c__visibility_control.h
[11.397s] -- Up-to-date: /home/ubuntu/uav_landing_sim_wg/install/micro_ros_msgs/include/micro_ros_msgs/micro_ros_msgs/msg/detail
[11.398s] -- Up-to-date: /home/ubuntu/uav_landing_sim_wg/install/micro_ros_msgs/include/micro_ros_msgs/micro_ros_msgs/msg/detail/entity__struct.h
[11.399s] -- Up-to-date: /home/ubuntu/uav_landing_sim_wg/install/micro_ros_msgs/include/micro_ros_msgs/micro_ros_msgs/msg/detail/graph__functions.c
[11.400s] -- Up-to-date: /home/ubuntu/uav_landing_sim_wg/install/micro_ros_msgs/include/micro_ros_msgs/micro_ros_msgs/msg/detail/entity__functions.h
[11.401s] -- Up-to-date: /home/ubuntu/uav_landing_sim_wg/install/micro_ros_msgs/include/micro_ros_msgs/micro_ros_msgs/msg/detail/node__type_support.h
[11.402s] -- Up-to-date: /home/ubuntu/uav_landing_sim_wg/install/micro_ros_msgs/include/micro_ros_msgs/micro_ros_msgs/msg/detail/graph__type_support.h
[11.414s] -- Up-to-date: /home/ubuntu/uav_landing_sim_wg/install/micro_ros_msgs/include/micro_ros_msgs/micro_ros_msgs/msg/detail/node__functions.c
[11.416s] -- Up-to-date: /home/ubuntu/uav_landing_sim_wg/install/micro_ros_msgs/include/micro_ros_msgs/micro_ros_msgs/msg/detail/graph__functions.h
[11.417s] -- Up-to-date: /home/ubuntu/uav_landing_sim_wg/install/micro_ros_msgs/include/micro_ros_msgs/micro_ros_msgs/msg/detail/entity__type_support.h
[11.418s] -- Up-to-date: /home/ubuntu/uav_landing_sim_wg/install/micro_ros_msgs/include/micro_ros_msgs/micro_ros_msgs/msg/detail/graph__struct.h
[11.420s] -- Up-to-date: /home/ubuntu/uav_landing_sim_wg/install/micro_ros_msgs/include/micro_ros_msgs/micro_ros_msgs/msg/detail/entity__functions.c
[11.421s] -- Up-to-date: /home/ubuntu/uav_landing_sim_wg/install/micro_ros_msgs/include/micro_ros_msgs/micro_ros_msgs/msg/detail/node__functions.h
[11.422s] -- Up-to-date: /home/ubuntu/uav_landing_sim_wg/install/micro_ros_msgs/include/micro_ros_msgs/micro_ros_msgs/msg/detail/node__struct.h
[11.423s] -- Up-to-date: /home/ubuntu/uav_landing_sim_wg/install/micro_ros_msgs/share/micro_ros_msgs/environment/library_path.sh
[11.424s] -- Installing: /home/ubuntu/uav_landing_sim_wg/install/micro_ros_msgs/share/micro_ros_msgs/environment/library_path.dsv
[11.438s] -- Up-to-date: /home/ubuntu/uav_landing_sim_wg/install/micro_ros_msgs/lib/libmicro_ros_msgs__rosidl_generator_c.so
[11.439s] -- Up-to-date: /home/ubuntu/uav_landing_sim_wg/install/micro_ros_msgs/include/micro_ros_msgs/micro_ros_msgs
[11.440s] -- Up-to-date: /home/ubuntu/uav_landing_sim_wg/install/micro_ros_msgs/include/micro_ros_msgs/micro_ros_msgs/msg
[11.441s] -- Up-to-date: /home/ubuntu/uav_landing_sim_wg/install/micro_ros_msgs/include/micro_ros_msgs/micro_ros_msgs/msg/rosidl_typesupport_fastrtps_c__visibility_control.h
[11.442s] -- Up-to-date: /home/ubuntu/uav_landing_sim_wg/install/micro_ros_msgs/include/micro_ros_msgs/micro_ros_msgs/msg/detail
[11.444s] -- Up-to-date: /home/ubuntu/uav_landing_sim_wg/install/micro_ros_msgs/include/micro_ros_msgs/micro_ros_msgs/msg/detail/node__rosidl_typesupport_fastrtps_c.h
[11.445s] -- Up-to-date: /home/ubuntu/uav_landing_sim_wg/install/micro_ros_msgs/include/micro_ros_msgs/micro_ros_msgs/msg/detail/entity__rosidl_typesupport_fastrtps_c.h
[11.458s] -- Up-to-date: /home/ubuntu/uav_landing_sim_wg/install/micro_ros_msgs/include/micro_ros_msgs/micro_ros_msgs/msg/detail/graph__rosidl_typesupport_fastrtps_c.h
[11.460s] -- Up-to-date: /home/ubuntu/uav_landing_sim_wg/install/micro_ros_msgs/lib/libmicro_ros_msgs__rosidl_typesupport_fastrtps_c.so
[11.461s] -- Up-to-date: /home/ubuntu/uav_landing_sim_wg/install/micro_ros_msgs/include/micro_ros_msgs/micro_ros_msgs
[11.462s] -- Up-to-date: /home/ubuntu/uav_landing_sim_wg/install/micro_ros_msgs/include/micro_ros_msgs/micro_ros_msgs/msg
[11.464s] -- Up-to-date: /home/ubuntu/uav_landing_sim_wg/install/micro_ros_msgs/include/micro_ros_msgs/micro_ros_msgs/msg/detail
[11.465s] -- Up-to-date: /home/ubuntu/uav_landing_sim_wg/install/micro_ros_msgs/include/micro_ros_msgs/micro_ros_msgs/msg/detail/graph__rosidl_typesupport_introspection_c.h
[11.466s] -- Up-to-date: /home/ubuntu/uav_landing_sim_wg/install/micro_ros_msgs/include/micro_ros_msgs/micro_ros_msgs/msg/detail/node__type_support.c
[11.467s] -- Up-to-date: /home/ubuntu/uav_landing_sim_wg/install/micro_ros_msgs/include/micro_ros_msgs/micro_ros_msgs/msg/detail/node__rosidl_typesupport_introspection_c.h
[11.468s] -- Up-to-date: /home/ubuntu/uav_landing_sim_wg/install/micro_ros_msgs/include/micro_ros_msgs/micro_ros_msgs/msg/detail/entity__rosidl_typesupport_introspection_c.h
[11.469s] -- Up-to-date: /home/ubuntu/uav_landing_sim_wg/install/micro_ros_msgs/include/micro_ros_msgs/micro_ros_msgs/msg/detail/entity__type_support.c
[11.483s] -- Up-to-date: /home/ubuntu/uav_landing_sim_wg/install/micro_ros_msgs/include/micro_ros_msgs/micro_ros_msgs/msg/detail/graph__type_support.c
[11.484s] -- Up-to-date: /home/ubuntu/uav_landing_sim_wg/install/micro_ros_msgs/include/micro_ros_msgs/micro_ros_msgs/msg/rosidl_typesupport_introspection_c__visibility_control.h
[11.485s] -- Up-to-date: /home/ubuntu/uav_landing_sim_wg/install/micro_ros_msgs/lib/libmicro_ros_msgs__rosidl_typesupport_introspection_c.so
[11.486s] -- Up-to-date: /home/ubuntu/uav_landing_sim_wg/install/micro_ros_msgs/lib/libmicro_ros_msgs__rosidl_typesupport_c.so
[11.487s] -- Up-to-date: /home/ubuntu/uav_landing_sim_wg/install/micro_ros_msgs/include/micro_ros_msgs/micro_ros_msgs
[11.488s] -- Up-to-date: /home/ubuntu/uav_landing_sim_wg/install/micro_ros_msgs/include/micro_ros_msgs/micro_ros_msgs/msg
[11.498s] -- Up-to-date: /home/ubuntu/uav_landing_sim_wg/install/micro_ros_msgs/include/micro_ros_msgs/micro_ros_msgs/msg/node.hpp
[11.499s] -- Up-to-date: /home/ubuntu/uav_landing_sim_wg/install/micro_ros_msgs/include/micro_ros_msgs/micro_ros_msgs/msg/entity.hpp
[11.500s] -- Up-to-date: /home/ubuntu/uav_landing_sim_wg/install/micro_ros_msgs/include/micro_ros_msgs/micro_ros_msgs/msg/graph.hpp
[11.501s] -- Up-to-date: /home/ubuntu/uav_landing_sim_wg/install/micro_ros_msgs/include/micro_ros_msgs/micro_ros_msgs/msg/detail
[11.502s] -- Up-to-date: /home/ubuntu/uav_landing_sim_wg/install/micro_ros_msgs/include/micro_ros_msgs/micro_ros_msgs/msg/detail/node__traits.hpp
[11.502s] -- Up-to-date: /home/ubuntu/uav_landing_sim_wg/install/micro_ros_msgs/include/micro_ros_msgs/micro_ros_msgs/msg/detail/graph__struct.hpp
[11.503s] -- Up-to-date: /home/ubuntu/uav_landing_sim_wg/install/micro_ros_msgs/include/micro_ros_msgs/micro_ros_msgs/msg/detail/entity__type_support.hpp
[11.504s] -- Up-to-date: /home/ubuntu/uav_landing_sim_wg/install/micro_ros_msgs/include/micro_ros_msgs/micro_ros_msgs/msg/detail/entity__builder.hpp
[11.505s] -- Up-to-date: /home/ubuntu/uav_landing_sim_wg/install/micro_ros_msgs/include/micro_ros_msgs/micro_ros_msgs/msg/detail/node__builder.hpp
[11.506s] -- Up-to-date: /home/ubuntu/uav_landing_sim_wg/install/micro_ros_msgs/include/micro_ros_msgs/micro_ros_msgs/msg/detail/graph__builder.hpp
[11.507s] -- Up-to-date: /home/ubuntu/uav_landing_sim_wg/install/micro_ros_msgs/include/micro_ros_msgs/micro_ros_msgs/msg/detail/node__type_support.hpp
[11.507s] -- Up-to-date: /home/ubuntu/uav_landing_sim_wg/install/micro_ros_msgs/include/micro_ros_msgs/micro_ros_msgs/msg/detail/node__struct.hpp
[11.508s] -- Up-to-date: /home/ubuntu/uav_landing_sim_wg/install/micro_ros_msgs/include/micro_ros_msgs/micro_ros_msgs/msg/detail/entity__traits.hpp
[11.509s] -- Up-to-date: /home/ubuntu/uav_landing_sim_wg/install/micro_ros_msgs/include/micro_ros_msgs/micro_ros_msgs/msg/detail/graph__traits.hpp
[11.510s] -- Up-to-date: /home/ubuntu/uav_landing_sim_wg/install/micro_ros_msgs/include/micro_ros_msgs/micro_ros_msgs/msg/detail/graph__type_support.hpp
[11.511s] -- Up-to-date: /home/ubuntu/uav_landing_sim_wg/install/micro_ros_msgs/include/micro_ros_msgs/micro_ros_msgs/msg/detail/entity__struct.hpp
[11.512s] -- Up-to-date: /home/ubuntu/uav_landing_sim_wg/install/micro_ros_msgs/include/micro_ros_msgs/micro_ros_msgs/msg/rosidl_generator_cpp__visibility_control.hpp
[11.512s] -- Up-to-date: /home/ubuntu/uav_landing_sim_wg/install/micro_ros_msgs/include/micro_ros_msgs/micro_ros_msgs
[11.526s] -- Up-to-date: /home/ubuntu/uav_landing_sim_wg/install/micro_ros_msgs/include/micro_ros_msgs/micro_ros_msgs/msg
[11.528s] -- Up-to-date: /home/ubuntu/uav_landing_sim_wg/install/micro_ros_msgs/include/micro_ros_msgs/micro_ros_msgs/msg/rosidl_typesupport_fastrtps_cpp__visibility_control.h
[11.529s] -- Up-to-date: /home/ubuntu/uav_landing_sim_wg/install/micro_ros_msgs/include/micro_ros_msgs/micro_ros_msgs/msg/detail
[11.530s] -- Up-to-date: /home/ubuntu/uav_landing_sim_wg/install/micro_ros_msgs/include/micro_ros_msgs/micro_ros_msgs/msg/detail/node__rosidl_typesupport_fastrtps_cpp.hpp
[11.531s] -- Up-to-date: /home/ubuntu/uav_landing_sim_wg/install/micro_ros_msgs/include/micro_ros_msgs/micro_ros_msgs/msg/detail/dds_fastrtps
[11.532s] -- Up-to-date: /home/ubuntu/uav_landing_sim_wg/install/micro_ros_msgs/include/micro_ros_msgs/micro_ros_msgs/msg/detail/entity__rosidl_typesupport_fastrtps_cpp.hpp
[11.532s] -- Up-to-date: /home/ubuntu/uav_landing_sim_wg/install/micro_ros_msgs/include/micro_ros_msgs/micro_ros_msgs/msg/detail/graph__rosidl_typesupport_fastrtps_cpp.hpp
[11.534s] -- Up-to-date: /home/ubuntu/uav_landing_sim_wg/install/micro_ros_msgs/lib/libmicro_ros_msgs__rosidl_typesupport_fastrtps_cpp.so
[11.534s] -- Up-to-date: /home/ubuntu/uav_landing_sim_wg/install/micro_ros_msgs/include/micro_ros_msgs/micro_ros_msgs
[11.535s] -- Up-to-date: /home/ubuntu/uav_landing_sim_wg/install/micro_ros_msgs/include/micro_ros_msgs/micro_ros_msgs/msg
[11.546s] -- Up-to-date: /home/ubuntu/uav_landing_sim_wg/install/micro_ros_msgs/include/micro_ros_msgs/micro_ros_msgs/msg/detail
[11.547s] -- Up-to-date: /home/ubuntu/uav_landing_sim_wg/install/micro_ros_msgs/include/micro_ros_msgs/micro_ros_msgs/msg/detail/node__rosidl_typesupport_introspection_cpp.hpp
[11.548s] -- Up-to-date: /home/ubuntu/uav_landing_sim_wg/install/micro_ros_msgs/include/micro_ros_msgs/micro_ros_msgs/msg/detail/graph__type_support.cpp
[11.550s] -- Up-to-date: /home/ubuntu/uav_landing_sim_wg/install/micro_ros_msgs/include/micro_ros_msgs/micro_ros_msgs/msg/detail/entity__rosidl_typesupport_introspection_cpp.hpp
[11.551s] -- Up-to-date: /home/ubuntu/uav_landing_sim_wg/install/micro_ros_msgs/include/micro_ros_msgs/micro_ros_msgs/msg/detail/entity__type_support.cpp
[11.559s] -- Up-to-date: /home/ubuntu/uav_landing_sim_wg/install/micro_ros_msgs/include/micro_ros_msgs/micro_ros_msgs/msg/detail/node__type_support.cpp
[11.560s] -- Up-to-date: /home/ubuntu/uav_landing_sim_wg/install/micro_ros_msgs/include/micro_ros_msgs/micro_ros_msgs/msg/detail/graph__rosidl_typesupport_introspection_cpp.hpp
[11.561s] -- Up-to-date: /home/ubuntu/uav_landing_sim_wg/install/micro_ros_msgs/lib/libmicro_ros_msgs__rosidl_typesupport_introspection_cpp.so
[11.562s] -- Up-to-date: /home/ubuntu/uav_landing_sim_wg/install/micro_ros_msgs/lib/libmicro_ros_msgs__rosidl_typesupport_cpp.so
[11.564s] -- Up-to-date: /home/ubuntu/uav_landing_sim_wg/install/micro_ros_msgs/share/micro_ros_msgs/environment/pythonpath.sh
[11.565s] -- Installing: /home/ubuntu/uav_landing_sim_wg/install/micro_ros_msgs/share/micro_ros_msgs/environment/pythonpath.dsv
[11.574s] -- Up-to-date: /home/ubuntu/uav_landing_sim_wg/install/micro_ros_msgs/local/lib/python3.10/dist-packages/micro_ros_msgs-3.0.1-py3.10.egg-info
[11.575s] -- Installing: /home/ubuntu/uav_landing_sim_wg/install/micro_ros_msgs/local/lib/python3.10/dist-packages/micro_ros_msgs-3.0.1-py3.10.egg-info/PKG-INFO
[11.576s] -- Installing: /home/ubuntu/uav_landing_sim_wg/install/micro_ros_msgs/local/lib/python3.10/dist-packages/micro_ros_msgs-3.0.1-py3.10.egg-info/top_level.txt
[11.578s] -- Installing: /home/ubuntu/uav_landing_sim_wg/install/micro_ros_msgs/local/lib/python3.10/dist-packages/micro_ros_msgs-3.0.1-py3.10.egg-info/SOURCES.txt
[11.579s] -- Installing: /home/ubuntu/uav_landing_sim_wg/install/micro_ros_msgs/local/lib/python3.10/dist-packages/micro_ros_msgs-3.0.1-py3.10.egg-info/dependency_links.txt
[11.580s] -- Up-to-date: /home/ubuntu/uav_landing_sim_wg/install/micro_ros_msgs/local/lib/python3.10/dist-packages/micro_ros_msgs
[11.581s] -- Up-to-date: /home/ubuntu/uav_landing_sim_wg/install/micro_ros_msgs/local/lib/python3.10/dist-packages/micro_ros_msgs/micro_ros_msgs_s__rosidl_typesupport_fastrtps_c.cpython-310-aarch64-linux-gnu.so
[11.583s] -- Up-to-date: /home/ubuntu/uav_landing_sim_wg/install/micro_ros_msgs/local/lib/python3.10/dist-packages/micro_ros_msgs/_micro_ros_msgs_s.ep.rosidl_typesupport_introspection_c.c
[11.584s] -- Installing: /home/ubuntu/uav_landing_sim_wg/install/micro_ros_msgs/local/lib/python3.10/dist-packages/micro_ros_msgs/__init__.py
[11.585s] -- Up-to-date: /home/ubuntu/uav_landing_sim_wg/install/micro_ros_msgs/local/lib/python3.10/dist-packages/micro_ros_msgs/micro_ros_msgs_s__rosidl_typesupport_c.cpython-310-aarch64-linux-gnu.so
[11.598s] -- Up-to-date: /home/ubuntu/uav_landing_sim_wg/install/micro_ros_msgs/local/lib/python3.10/dist-packages/micro_ros_msgs/micro_ros_msgs_s__rosidl_typesupport_introspection_c.cpython-310-aarch64-linux-gnu.so
[11.599s] -- Up-to-date: /home/ubuntu/uav_landing_sim_wg/install/micro_ros_msgs/local/lib/python3.10/dist-packages/micro_ros_msgs/_micro_ros_msgs_s.ep.rosidl_typesupport_fastrtps_c.c
[11.600s] -- Up-to-date: /home/ubuntu/uav_landing_sim_wg/install/micro_ros_msgs/local/lib/python3.10/dist-packages/micro_ros_msgs/_micro_ros_msgs_s.ep.rosidl_typesupport_c.c
[11.602s] -- Up-to-date: /home/ubuntu/uav_landing_sim_wg/install/micro_ros_msgs/local/lib/python3.10/dist-packages/micro_ros_msgs/msg
[11.603s] -- Up-to-date: /home/ubuntu/uav_landing_sim_wg/install/micro_ros_msgs/local/lib/python3.10/dist-packages/micro_ros_msgs/msg/_node_s.c
[11.605s] -- Up-to-date: /home/ubuntu/uav_landing_sim_wg/install/micro_ros_msgs/local/lib/python3.10/dist-packages/micro_ros_msgs/msg/__init__.py
[11.607s] -- Up-to-date: /home/ubuntu/uav_landing_sim_wg/install/micro_ros_msgs/local/lib/python3.10/dist-packages/micro_ros_msgs/msg/_graph_s.c
[11.608s] -- Up-to-date: /home/ubuntu/uav_landing_sim_wg/install/micro_ros_msgs/local/lib/python3.10/dist-packages/micro_ros_msgs/msg/_entity.py
[11.609s] -- Up-to-date: /home/ubuntu/uav_landing_sim_wg/install/micro_ros_msgs/local/lib/python3.10/dist-packages/micro_ros_msgs/msg/_graph.py
[11.610s] -- Up-to-date: /home/ubuntu/uav_landing_sim_wg/install/micro_ros_msgs/local/lib/python3.10/dist-packages/micro_ros_msgs/msg/_entity_s.c
[11.612s] -- Up-to-date: /home/ubuntu/uav_landing_sim_wg/install/micro_ros_msgs/local/lib/python3.10/dist-packages/micro_ros_msgs/msg/_node.py
[11.613s] -- Up-to-date: /home/ubuntu/uav_landing_sim_wg/install/micro_ros_msgs/local/lib/python3.10/dist-packages/micro_ros_msgs/libmicro_ros_msgs__rosidl_generator_py.so
[11.894s] Listing '/home/ubuntu/uav_landing_sim_wg/install/micro_ros_msgs/local/lib/python3.10/dist-packages/micro_ros_msgs'...
[11.896s] Compiling '/home/ubuntu/uav_landing_sim_wg/install/micro_ros_msgs/local/lib/python3.10/dist-packages/micro_ros_msgs/__init__.py'...
[11.898s] Listing '/home/ubuntu/uav_landing_sim_wg/install/micro_ros_msgs/local/lib/python3.10/dist-packages/micro_ros_msgs/msg'...
[11.944s] -- Up-to-date: /home/ubuntu/uav_landing_sim_wg/install/micro_ros_msgs/local/lib/python3.10/dist-packages/micro_ros_msgs/micro_ros_msgs_s__rosidl_typesupport_fastrtps_c.cpython-310-aarch64-linux-gnu.so
[11.948s] -- Up-to-date: /home/ubuntu/uav_landing_sim_wg/install/micro_ros_msgs/local/lib/python3.10/dist-packages/micro_ros_msgs/micro_ros_msgs_s__rosidl_typesupport_introspection_c.cpython-310-aarch64-linux-gnu.so
[11.953s] -- Up-to-date: /home/ubuntu/uav_landing_sim_wg/install/micro_ros_msgs/local/lib/python3.10/dist-packages/micro_ros_msgs/micro_ros_msgs_s__rosidl_typesupport_c.cpython-310-aarch64-linux-gnu.so
[11.958s] -- Up-to-date: /home/ubuntu/uav_landing_sim_wg/install/micro_ros_msgs/lib/libmicro_ros_msgs__rosidl_generator_py.so
[11.962s] -- Up-to-date: /home/ubuntu/uav_landing_sim_wg/install/micro_ros_msgs/share/micro_ros_msgs/rust
[11.965s] -- Up-to-date: /home/ubuntu/uav_landing_sim_wg/install/micro_ros_msgs/share/micro_ros_msgs/rust/src
[11.968s] -- Up-to-date: /home/ubuntu/uav_landing_sim_wg/install/micro_ros_msgs/share/micro_ros_msgs/rust/src/msg.rs
[11.971s] -- Up-to-date: /home/ubuntu/uav_landing_sim_wg/install/micro_ros_msgs/share/micro_ros_msgs/rust/src/msg
[11.973s] -- Up-to-date: /home/ubuntu/uav_landing_sim_wg/install/micro_ros_msgs/share/micro_ros_msgs/rust/src/msg/rmw.rs
[11.976s] -- Up-to-date: /home/ubuntu/uav_landing_sim_wg/install/micro_ros_msgs/share/micro_ros_msgs/rust/src/lib.rs
[11.978s] -- Up-to-date: /home/ubuntu/uav_landing_sim_wg/install/micro_ros_msgs/share/micro_ros_msgs/rust/build.rs
[11.980s] -- Up-to-date: /home/ubuntu/uav_landing_sim_wg/install/micro_ros_msgs/share/micro_ros_msgs/rust/Cargo.toml
[11.983s] -- Up-to-date: /home/ubuntu/uav_landing_sim_wg/install/micro_ros_msgs/share/micro_ros_msgs/msg/Graph.idl
[11.986s] -- Up-to-date: /home/ubuntu/uav_landing_sim_wg/install/micro_ros_msgs/share/micro_ros_msgs/msg/Node.idl
[11.988s] -- Up-to-date: /home/ubuntu/uav_landing_sim_wg/install/micro_ros_msgs/share/micro_ros_msgs/msg/Entity.idl
[11.991s] -- Up-to-date: /home/ubuntu/uav_landing_sim_wg/install/micro_ros_msgs/share/micro_ros_msgs/msg/Graph.msg
[11.993s] -- Up-to-date: /home/ubuntu/uav_landing_sim_wg/install/micro_ros_msgs/share/micro_ros_msgs/msg/Node.msg
[11.995s] -- Up-to-date: /home/ubuntu/uav_landing_sim_wg/install/micro_ros_msgs/share/micro_ros_msgs/msg/Entity.msg
[11.998s] -- Up-to-date: /home/ubuntu/uav_landing_sim_wg/install/micro_ros_msgs/share/ament_index/resource_index/package_run_dependencies/micro_ros_msgs
[12.001s] -- Installing: /home/ubuntu/uav_landing_sim_wg/install/micro_ros_msgs/share/ament_index/resource_index/parent_prefix_path/micro_ros_msgs
[12.005s] -- Up-to-date: /home/ubuntu/uav_landing_sim_wg/install/micro_ros_msgs/share/micro_ros_msgs/environment/ament_prefix_path.sh
[12.007s] -- Installing: /home/ubuntu/uav_landing_sim_wg/install/micro_ros_msgs/share/micro_ros_msgs/environment/ament_prefix_path.dsv
[12.011s] -- Up-to-date: /home/ubuntu/uav_landing_sim_wg/install/micro_ros_msgs/share/micro_ros_msgs/environment/path.sh
[12.014s] -- Installing: /home/ubuntu/uav_landing_sim_wg/install/micro_ros_msgs/share/micro_ros_msgs/environment/path.dsv
[12.018s] -- Up-to-date: /home/ubuntu/uav_landing_sim_wg/install/micro_ros_msgs/share/micro_ros_msgs/local_setup.bash
[12.020s] -- Up-to-date: /home/ubuntu/uav_landing_sim_wg/install/micro_ros_msgs/share/micro_ros_msgs/local_setup.sh
[12.023s] -- Up-to-date: /home/ubuntu/uav_landing_sim_wg/install/micro_ros_msgs/share/micro_ros_msgs/local_setup.zsh
[12.025s] -- Installing: /home/ubuntu/uav_landing_sim_wg/install/micro_ros_msgs/share/micro_ros_msgs/local_setup.dsv
[12.029s] -- Installing: /home/ubuntu/uav_landing_sim_wg/install/micro_ros_msgs/share/micro_ros_msgs/package.dsv
[12.033s] -- Up-to-date: /home/ubuntu/uav_landing_sim_wg/install/micro_ros_msgs/share/ament_index/resource_index/packages/micro_ros_msgs
[12.038s] -- Up-to-date: /home/ubuntu/uav_landing_sim_wg/install/micro_ros_msgs/share/micro_ros_msgs/cmake/export_micro_ros_msgs__rosidl_generator_cExport.cmake
[12.041s] -- Up-to-date: /home/ubuntu/uav_landing_sim_wg/install/micro_ros_msgs/share/micro_ros_msgs/cmake/export_micro_ros_msgs__rosidl_generator_cExport-noconfig.cmake
[12.044s] -- Up-to-date: /home/ubuntu/uav_landing_sim_wg/install/micro_ros_msgs/share/micro_ros_msgs/cmake/export_micro_ros_msgs__rosidl_typesupport_fastrtps_cExport.cmake
[12.046s] -- Up-to-date: /home/ubuntu/uav_landing_sim_wg/install/micro_ros_msgs/share/micro_ros_msgs/cmake/export_micro_ros_msgs__rosidl_typesupport_fastrtps_cExport-noconfig.cmake
[12.050s] -- Up-to-date: /home/ubuntu/uav_landing_sim_wg/install/micro_ros_msgs/share/micro_ros_msgs/cmake/micro_ros_msgs__rosidl_typesupport_introspection_cExport.cmake
[12.052s] -- Up-to-date: /home/ubuntu/uav_landing_sim_wg/install/micro_ros_msgs/share/micro_ros_msgs/cmake/micro_ros_msgs__rosidl_typesupport_introspection_cExport-noconfig.cmake
[12.056s] -- Up-to-date: /home/ubuntu/uav_landing_sim_wg/install/micro_ros_msgs/share/micro_ros_msgs/cmake/micro_ros_msgs__rosidl_typesupport_cExport.cmake
[12.058s] -- Up-to-date: /home/ubuntu/uav_landing_sim_wg/install/micro_ros_msgs/share/micro_ros_msgs/cmake/micro_ros_msgs__rosidl_typesupport_cExport-noconfig.cmake
[12.061s] -- Up-to-date: /home/ubuntu/uav_landing_sim_wg/install/micro_ros_msgs/share/micro_ros_msgs/cmake/export_micro_ros_msgs__rosidl_generator_cppExport.cmake
[12.064s] -- Up-to-date: /home/ubuntu/uav_landing_sim_wg/install/micro_ros_msgs/share/micro_ros_msgs/cmake/export_micro_ros_msgs__rosidl_typesupport_fastrtps_cppExport.cmake
[12.067s] -- Up-to-date: /home/ubuntu/uav_landing_sim_wg/install/micro_ros_msgs/share/micro_ros_msgs/cmake/export_micro_ros_msgs__rosidl_typesupport_fastrtps_cppExport-noconfig.cmake
[12.070s] -- Up-to-date: /home/ubuntu/uav_landing_sim_wg/install/micro_ros_msgs/share/micro_ros_msgs/cmake/micro_ros_msgs__rosidl_typesupport_introspection_cppExport.cmake
[12.074s] -- Up-to-date: /home/ubuntu/uav_landing_sim_wg/install/micro_ros_msgs/share/micro_ros_msgs/cmake/micro_ros_msgs__rosidl_typesupport_introspection_cppExport-noconfig.cmake
[12.077s] -- Up-to-date: /home/ubuntu/uav_landing_sim_wg/install/micro_ros_msgs/share/micro_ros_msgs/cmake/micro_ros_msgs__rosidl_typesupport_cppExport.cmake
[12.080s] -- Up-to-date: /home/ubuntu/uav_landing_sim_wg/install/micro_ros_msgs/share/micro_ros_msgs/cmake/micro_ros_msgs__rosidl_typesupport_cppExport-noconfig.cmake
[12.083s] -- Up-to-date: /home/ubuntu/uav_landing_sim_wg/install/micro_ros_msgs/share/micro_ros_msgs/cmake/export_micro_ros_msgs__rosidl_generator_pyExport.cmake
[12.085s] -- Up-to-date: /home/ubuntu/uav_landing_sim_wg/install/micro_ros_msgs/share/micro_ros_msgs/cmake/export_micro_ros_msgs__rosidl_generator_pyExport-noconfig.cmake
[12.087s] -- Up-to-date: /home/ubuntu/uav_landing_sim_wg/install/micro_ros_msgs/share/micro_ros_msgs/cmake/rosidl_cmake-extras.cmake
[12.090s] -- Up-to-date: /home/ubuntu/uav_landing_sim_wg/install/micro_ros_msgs/share/micro_ros_msgs/cmake/ament_cmake_export_include_directories-extras.cmake
[12.100s] -- Up-to-date: /home/ubuntu/uav_landing_sim_wg/install/micro_ros_msgs/share/micro_ros_msgs/cmake/ament_cmake_export_libraries-extras.cmake
[12.101s] -- Up-to-date: /home/ubuntu/uav_landing_sim_wg/install/micro_ros_msgs/share/micro_ros_msgs/cmake/ament_cmake_export_targets-extras.cmake
[12.102s] -- Up-to-date: /home/ubuntu/uav_landing_sim_wg/install/micro_ros_msgs/share/micro_ros_msgs/cmake/rosidl_cmake_export_typesupport_targets-extras.cmake
[12.103s] -- Up-to-date: /home/ubuntu/uav_landing_sim_wg/install/micro_ros_msgs/share/micro_ros_msgs/cmake/ament_cmake_export_dependencies-extras.cmake
[12.104s] -- Up-to-date: /home/ubuntu/uav_landing_sim_wg/install/micro_ros_msgs/share/micro_ros_msgs/cmake/rosidl_cmake_export_typesupport_libraries-extras.cmake
[12.104s] -- Up-to-date: /home/ubuntu/uav_landing_sim_wg/install/micro_ros_msgs/share/micro_ros_msgs/cmake/rosidl_cmake_aggregate_target-extras.cmake
[12.105s] -- Up-to-date: /home/ubuntu/uav_landing_sim_wg/install/micro_ros_msgs/share/micro_ros_msgs/cmake/micro_ros_msgsConfig.cmake
[12.106s] -- Up-to-date: /home/ubuntu/uav_landing_sim_wg/install/micro_ros_msgs/share/micro_ros_msgs/cmake/micro_ros_msgsConfig-version.cmake
[12.107s] -- Up-to-date: /home/ubuntu/uav_landing_sim_wg/install/micro_ros_msgs/share/micro_ros_msgs/package.xml
[12.122s] Invoked command in '/home/ubuntu/uav_landing_sim_wg/build/micro_ros_msgs' returned '0': CMAKE_PREFIX_PATH=${CMAKE_PREFIX_PATH}:/opt/ros/humble /usr/bin/cmake --install /home/ubuntu/uav_landing_sim_wg/build/micro_ros_msgs
