-- Found ament_cmake: 1.3.14 (/opt/ros/humble/share/ament_cmake/cmake)
-- Override CMake install command with custom implementation using symlinks instead of copying resources
-- Found rclcpp: 16.0.21 (/opt/ros/humble/share/rclcpp/cmake)
-- Found rosidl_generator_c: 3.1.9 (/opt/ros/humble/share/rosidl_generator_c/cmake)
-- Found rosidl_adapter: 3.1.9 (/opt/ros/humble/share/rosidl_adapter/cmake)
-- Found rosidl_generator_cpp: 3.1.9 (/opt/ros/humble/share/rosidl_generator_cpp/cmake)
-- Using all available rosidl_typesupport_c: rosidl_typesupport_fastrtps_c;rosidl_typesupport_introspection_c
-- Using all available rosidl_typesupport_cpp: rosidl_typesupport_fastrtps_cpp;rosidl_typesupport_introspection_cpp
-- Found rmw_implementation_cmake: 6.1.4 (/opt/ros/humble/share/rmw_implementation_cmake/cmake)
-- Found rmw_fastrtps_cpp: 6.2.10 (/opt/ros/humble/share/rmw_fastrtps_cpp/cmake)
-- Using RMW implementation 'rmw_fastrtps_cpp' as default
-- Found geometry_msgs: 4.9.2 (/opt/ros/humble/share/geometry_msgs/cmake)
-- Found uav_interfaces: 0.0.0 (/home/ubuntu/uav_landing_sim_wg/install/uav_interfaces/share/uav_interfaces/cmake)
-- Found tf2_geometry_msgs: 0.25.23 (/opt/ros/humble/share/tf2_geometry_msgs/cmake)
-- Found eigen3_cmake_module: 0.1.1 (/opt/ros/humble/share/eigen3_cmake_module/cmake)
-- Ensuring Eigen3 include directory is part of orocos-kdl CMake target
-- Found sensor_msgs: 4.9.2 (/opt/ros/humble/share/sensor_msgs/cmake)
-- Found geographic_msgs: 1.0.6 (/opt/ros/humble/share/geographic_msgs/cmake)
-- Found ament_lint_auto: 0.12.15 (/opt/ros/humble/share/ament_lint_auto/cmake)
-- Added test 'cppcheck' to perform static code analysis on C / C++ code
-- Configured cppcheck include dirs: $<BUILD_INTERFACE:/home/ubuntu/uav_landing_sim_wg/src/uav_autonomy/include>
-- Configured cppcheck exclude dirs and/or files: 
-- Added test 'flake8' to check Python code syntax and style conventions
-- Added test 'lint_cmake' to check CMake code style
-- Added test 'pep257' to check Python code against some of the docstring style conventions in PEP 257
-- Added test 'uncrustify' to check C / C++ code style
-- Configured uncrustify additional arguments: 
-- Added test 'xmllint' to check XML markup files
-- Configuring done
-- Generating done
-- Build files have been written to: /home/ubuntu/uav_landing_sim_wg/build/uav_autonomy
[35m[1mConsolidate compiler generated dependencies of target landing_manager_node[0m
[100%] Built target landing_manager_node
-- Install configuration: "Release"
-- Execute custom install script
-- Up-to-date symlink: /home/ubuntu/uav_landing_sim_wg/install/uav_autonomy/lib/uav_autonomy/landing_manager_node
-- Up-to-date symlink: /home/ubuntu/uav_landing_sim_wg/install/uav_autonomy/share/uav_autonomy//launch/hardware.launch.py
-- Up-to-date symlink: /home/ubuntu/uav_landing_sim_wg/install/uav_autonomy/share/uav_autonomy//config/copter_gimbal.parm
-- Up-to-date symlink: /home/ubuntu/uav_landing_sim_wg/install/uav_autonomy/share/uav_autonomy//config/daf_xf_450_tractor.param
-- Up-to-date symlink: /home/ubuntu/uav_landing_sim_wg/install/uav_autonomy/share/ament_index/resource_index/package_run_dependencies/uav_autonomy
-- Up-to-date symlink: /home/ubuntu/uav_landing_sim_wg/install/uav_autonomy/share/ament_index/resource_index/parent_prefix_path/uav_autonomy
-- Up-to-date symlink: /home/ubuntu/uav_landing_sim_wg/install/uav_autonomy/share/uav_autonomy/environment/ament_prefix_path.sh
-- Up-to-date symlink: /home/ubuntu/uav_landing_sim_wg/install/uav_autonomy/share/uav_autonomy/environment/ament_prefix_path.dsv
-- Up-to-date symlink: /home/ubuntu/uav_landing_sim_wg/install/uav_autonomy/share/uav_autonomy/environment/path.sh
-- Up-to-date symlink: /home/ubuntu/uav_landing_sim_wg/install/uav_autonomy/share/uav_autonomy/environment/path.dsv
-- Up-to-date symlink: /home/ubuntu/uav_landing_sim_wg/install/uav_autonomy/share/uav_autonomy/local_setup.bash
-- Up-to-date symlink: /home/ubuntu/uav_landing_sim_wg/install/uav_autonomy/share/uav_autonomy/local_setup.sh
-- Up-to-date symlink: /home/ubuntu/uav_landing_sim_wg/install/uav_autonomy/share/uav_autonomy/local_setup.zsh
-- Up-to-date symlink: /home/ubuntu/uav_landing_sim_wg/install/uav_autonomy/share/uav_autonomy/local_setup.dsv
-- Symlinking: /home/ubuntu/uav_landing_sim_wg/install/uav_autonomy/share/uav_autonomy/package.dsv
-- Up-to-date symlink: /home/ubuntu/uav_landing_sim_wg/install/uav_autonomy/share/ament_index/resource_index/packages/uav_autonomy
-- Up-to-date symlink: /home/ubuntu/uav_landing_sim_wg/install/uav_autonomy/share/uav_autonomy/cmake/uav_autonomyConfig.cmake
-- Up-to-date symlink: /home/ubuntu/uav_landing_sim_wg/install/uav_autonomy/share/uav_autonomy/cmake/uav_autonomyConfig-version.cmake
-- Up-to-date symlink: /home/ubuntu/uav_landing_sim_wg/install/uav_autonomy/share/uav_autonomy/package.xml
