[0.051s] Invoking command in '/home/ubuntu/uav_landing_sim_wg/build/uav_autonomy': CMAKE_PREFIX_PATH=/home/ubuntu/uav_landing_sim_wg/install/uav_interfaces:/home/ubuntu/uav_landing_sim_wg/install/uav_vision:/home/ubuntu/uav_landing_sim_wg/install/uav_autonomy:/home/ubuntu/uav_landing_sim_wg/install/microxrcedds_agent:/home/ubuntu/uav_landing_sim_wg/install/micro_ros_setup:/home/ubuntu/uav_landing_sim_wg/install/micro_ros_agent:/home/ubuntu/uav_landing_sim_wg/install/micro_ros_msgs:/opt/ros/humble /usr/bin/cmake /home/ubuntu/uav_landing_sim_wg/src/uav_autonomy -DAMENT_CMAKE_SYMLINK_INSTALL=1 -DCMAKE_INSTALL_PREFIX=/home/ubuntu/uav_landing_sim_wg/install/uav_autonomy
[0.112s] -- Found ament_cmake: 1.3.14 (/opt/ros/humble/share/ament_cmake/cmake)
[0.665s] -- Override CMake install command with custom implementation using symlinks instead of copying resources
[0.708s] -- Found rclcpp: 16.0.21 (/opt/ros/humble/share/rclcpp/cmake)
[0.887s] -- Found rosidl_generator_c: 3.1.9 (/opt/ros/humble/share/rosidl_generator_c/cmake)
[0.897s] -- Found rosidl_adapter: 3.1.9 (/opt/ros/humble/share/rosidl_adapter/cmake)
[0.922s] -- Found rosidl_generator_cpp: 3.1.9 (/opt/ros/humble/share/rosidl_generator_cpp/cmake)
[0.961s] -- Using all available rosidl_typesupport_c: rosidl_typesupport_fastrtps_c;rosidl_typesupport_introspection_c
[1.011s] -- Using all available rosidl_typesupport_cpp: rosidl_typesupport_fastrtps_cpp;rosidl_typesupport_introspection_cpp
[1.181s] -- Found rmw_implementation_cmake: 6.1.4 (/opt/ros/humble/share/rmw_implementation_cmake/cmake)
[1.192s] -- Found rmw_fastrtps_cpp: 6.2.10 (/opt/ros/humble/share/rmw_fastrtps_cpp/cmake)
[1.911s] -- Using RMW implementation 'rmw_fastrtps_cpp' as default
[2.171s] -- Found geometry_msgs: 4.9.2 (/opt/ros/humble/share/geometry_msgs/cmake)
[2.234s] -- Found uav_interfaces: 0.0.0 (/home/ubuntu/uav_landing_sim_wg/install/uav_interfaces/share/uav_interfaces/cmake)
[2.236s] -- Found tf2_geometry_msgs: 0.25.23 (/opt/ros/humble/share/tf2_geometry_msgs/cmake)
[2.258s] -- Found eigen3_cmake_module: 0.1.1 (/opt/ros/humble/share/eigen3_cmake_module/cmake)
[2.264s] -- Ensuring Eigen3 include directory is part of orocos-kdl CMake target
[2.691s] -- Found sensor_msgs: 4.9.2 (/opt/ros/humble/share/sensor_msgs/cmake)
[2.772s] -- Found geographic_msgs: 1.0.6 (/opt/ros/humble/share/geographic_msgs/cmake)
[2.862s] -- Found ament_lint_auto: 0.12.15 (/opt/ros/humble/share/ament_lint_auto/cmake)
[3.331s] -- Added test 'cppcheck' to perform static code analysis on C / C++ code
[3.331s] -- Configured cppcheck include dirs: $<BUILD_INTERFACE:/home/ubuntu/uav_landing_sim_wg/src/uav_autonomy/include>
[3.332s] -- Configured cppcheck exclude dirs and/or files: 
[3.334s] -- Added test 'flake8' to check Python code syntax and style conventions
[3.337s] -- Added test 'lint_cmake' to check CMake code style
[3.339s] -- Added test 'pep257' to check Python code against some of the docstring style conventions in PEP 257
[3.345s] -- Added test 'uncrustify' to check C / C++ code style
[3.346s] -- Configured uncrustify additional arguments: 
[3.347s] -- Added test 'xmllint' to check XML markup files
[3.355s] -- Configuring done
[3.446s] -- Generating done
[3.468s] -- Build files have been written to: /home/ubuntu/uav_landing_sim_wg/build/uav_autonomy
[3.503s] Invoked command in '/home/ubuntu/uav_landing_sim_wg/build/uav_autonomy' returned '0': CMAKE_PREFIX_PATH=/home/ubuntu/uav_landing_sim_wg/install/uav_interfaces:/home/ubuntu/uav_landing_sim_wg/install/uav_vision:/home/ubuntu/uav_landing_sim_wg/install/uav_autonomy:/home/ubuntu/uav_landing_sim_wg/install/microxrcedds_agent:/home/ubuntu/uav_landing_sim_wg/install/micro_ros_setup:/home/ubuntu/uav_landing_sim_wg/install/micro_ros_agent:/home/ubuntu/uav_landing_sim_wg/install/micro_ros_msgs:/opt/ros/humble /usr/bin/cmake /home/ubuntu/uav_landing_sim_wg/src/uav_autonomy -DAMENT_CMAKE_SYMLINK_INSTALL=1 -DCMAKE_INSTALL_PREFIX=/home/ubuntu/uav_landing_sim_wg/install/uav_autonomy
[3.516s] Invoking command in '/home/ubuntu/uav_landing_sim_wg/build/uav_autonomy': CMAKE_PREFIX_PATH=/home/ubuntu/uav_landing_sim_wg/install/uav_interfaces:/home/ubuntu/uav_landing_sim_wg/install/uav_vision:/home/ubuntu/uav_landing_sim_wg/install/uav_autonomy:/home/ubuntu/uav_landing_sim_wg/install/microxrcedds_agent:/home/ubuntu/uav_landing_sim_wg/install/micro_ros_setup:/home/ubuntu/uav_landing_sim_wg/install/micro_ros_agent:/home/ubuntu/uav_landing_sim_wg/install/micro_ros_msgs:/opt/ros/humble /usr/bin/cmake --build /home/ubuntu/uav_landing_sim_wg/build/uav_autonomy -- -j4 -l4
[3.701s] [35m[1mConsolidate compiler generated dependencies of target landing_manager_node[0m
[3.805s] [100%] Built target landing_manager_node
[3.846s] Invoked command in '/home/ubuntu/uav_landing_sim_wg/build/uav_autonomy' returned '0': CMAKE_PREFIX_PATH=/home/ubuntu/uav_landing_sim_wg/install/uav_interfaces:/home/ubuntu/uav_landing_sim_wg/install/uav_vision:/home/ubuntu/uav_landing_sim_wg/install/uav_autonomy:/home/ubuntu/uav_landing_sim_wg/install/microxrcedds_agent:/home/ubuntu/uav_landing_sim_wg/install/micro_ros_setup:/home/ubuntu/uav_landing_sim_wg/install/micro_ros_agent:/home/ubuntu/uav_landing_sim_wg/install/micro_ros_msgs:/opt/ros/humble /usr/bin/cmake --build /home/ubuntu/uav_landing_sim_wg/build/uav_autonomy -- -j4 -l4
[3.889s] Invoking command in '/home/ubuntu/uav_landing_sim_wg/build/uav_autonomy': CMAKE_PREFIX_PATH=/home/ubuntu/uav_landing_sim_wg/install/uav_interfaces:/home/ubuntu/uav_landing_sim_wg/install/uav_vision:/home/ubuntu/uav_landing_sim_wg/install/uav_autonomy:/home/ubuntu/uav_landing_sim_wg/install/microxrcedds_agent:/home/ubuntu/uav_landing_sim_wg/install/micro_ros_setup:/home/ubuntu/uav_landing_sim_wg/install/micro_ros_agent:/home/ubuntu/uav_landing_sim_wg/install/micro_ros_msgs:/opt/ros/humble /usr/bin/cmake --install /home/ubuntu/uav_landing_sim_wg/build/uav_autonomy
[3.918s] -- Install configuration: "Release"
[3.920s] -- Execute custom install script
[3.922s] -- Up-to-date symlink: /home/ubuntu/uav_landing_sim_wg/install/uav_autonomy/lib/uav_autonomy/landing_manager_node
[3.923s] -- Up-to-date symlink: /home/ubuntu/uav_landing_sim_wg/install/uav_autonomy/share/uav_autonomy//launch/hardware.launch.py
[3.925s] -- Up-to-date symlink: /home/ubuntu/uav_landing_sim_wg/install/uav_autonomy/share/uav_autonomy//config/copter_gimbal.parm
[3.925s] -- Up-to-date symlink: /home/ubuntu/uav_landing_sim_wg/install/uav_autonomy/share/uav_autonomy//config/daf_xf_450_tractor.param
[3.927s] -- Up-to-date symlink: /home/ubuntu/uav_landing_sim_wg/install/uav_autonomy/share/ament_index/resource_index/package_run_dependencies/uav_autonomy
[3.928s] -- Up-to-date symlink: /home/ubuntu/uav_landing_sim_wg/install/uav_autonomy/share/ament_index/resource_index/parent_prefix_path/uav_autonomy
[3.929s] -- Up-to-date symlink: /home/ubuntu/uav_landing_sim_wg/install/uav_autonomy/share/uav_autonomy/environment/ament_prefix_path.sh
[3.930s] -- Up-to-date symlink: /home/ubuntu/uav_landing_sim_wg/install/uav_autonomy/share/uav_autonomy/environment/ament_prefix_path.dsv
[3.930s] -- Up-to-date symlink: /home/ubuntu/uav_landing_sim_wg/install/uav_autonomy/share/uav_autonomy/environment/path.sh
[3.931s] -- Up-to-date symlink: /home/ubuntu/uav_landing_sim_wg/install/uav_autonomy/share/uav_autonomy/environment/path.dsv
[3.932s] -- Up-to-date symlink: /home/ubuntu/uav_landing_sim_wg/install/uav_autonomy/share/uav_autonomy/local_setup.bash
[3.933s] -- Up-to-date symlink: /home/ubuntu/uav_landing_sim_wg/install/uav_autonomy/share/uav_autonomy/local_setup.sh
[3.934s] -- Up-to-date symlink: /home/ubuntu/uav_landing_sim_wg/install/uav_autonomy/share/uav_autonomy/local_setup.zsh
[3.935s] -- Up-to-date symlink: /home/ubuntu/uav_landing_sim_wg/install/uav_autonomy/share/uav_autonomy/local_setup.dsv
[3.935s] -- Symlinking: /home/ubuntu/uav_landing_sim_wg/install/uav_autonomy/share/uav_autonomy/package.dsv
[3.971s] -- Up-to-date symlink: /home/ubuntu/uav_landing_sim_wg/install/uav_autonomy/share/ament_index/resource_index/packages/uav_autonomy
[3.971s] -- Up-to-date symlink: /home/ubuntu/uav_landing_sim_wg/install/uav_autonomy/share/uav_autonomy/cmake/uav_autonomyConfig.cmake
[3.972s] -- Up-to-date symlink: /home/ubuntu/uav_landing_sim_wg/install/uav_autonomy/share/uav_autonomy/cmake/uav_autonomyConfig-version.cmake
[3.973s] -- Up-to-date symlink: /home/ubuntu/uav_landing_sim_wg/install/uav_autonomy/share/uav_autonomy/package.xml
[3.979s] Invoked command in '/home/ubuntu/uav_landing_sim_wg/build/uav_autonomy' returned '0': CMAKE_PREFIX_PATH=/home/ubuntu/uav_landing_sim_wg/install/uav_interfaces:/home/ubuntu/uav_landing_sim_wg/install/uav_vision:/home/ubuntu/uav_landing_sim_wg/install/uav_autonomy:/home/ubuntu/uav_landing_sim_wg/install/microxrcedds_agent:/home/ubuntu/uav_landing_sim_wg/install/micro_ros_setup:/home/ubuntu/uav_landing_sim_wg/install/micro_ros_agent:/home/ubuntu/uav_landing_sim_wg/install/micro_ros_msgs:/opt/ros/humble /usr/bin/cmake --install /home/ubuntu/uav_landing_sim_wg/build/uav_autonomy
