[0.072s] Invoking command in '/home/ubuntu/uav_landing_sim_wg/build/uav_autonomy': CMAKE_PREFIX_PATH=/home/ubuntu/uav_landing_sim_wg/install/uav_interfaces:/home/ubuntu/uav_landing_sim_wg/install/uav_vision:/home/ubuntu/uav_landing_sim_wg/install/uav_autonomy:/home/ubuntu/uav_landing_sim_wg/install/micro_ros_setup:/home/ubuntu/uav_landing_sim_wg/install/micro_ros_agent:/home/ubuntu/uav_landing_sim_wg/install/micro_ros_msgs:/opt/ros/humble /usr/bin/cmake --build /home/ubuntu/uav_landing_sim_wg/build/uav_autonomy -- -j4 -l4
[0.741s] [100%] Built target landing_manager_node
[0.782s] Invoked command in '/home/ubuntu/uav_landing_sim_wg/build/uav_autonomy' returned '0': CMAKE_PREFIX_PATH=/home/ubuntu/uav_landing_sim_wg/install/uav_interfaces:/home/ubuntu/uav_landing_sim_wg/install/uav_vision:/home/ubuntu/uav_landing_sim_wg/install/uav_autonomy:/home/ubuntu/uav_landing_sim_wg/install/micro_ros_setup:/home/ubuntu/uav_landing_sim_wg/install/micro_ros_agent:/home/ubuntu/uav_landing_sim_wg/install/micro_ros_msgs:/opt/ros/humble /usr/bin/cmake --build /home/ubuntu/uav_landing_sim_wg/build/uav_autonomy -- -j4 -l4
[0.826s] Invoking command in '/home/ubuntu/uav_landing_sim_wg/build/uav_autonomy': CMAKE_PREFIX_PATH=/home/ubuntu/uav_landing_sim_wg/install/uav_interfaces:/home/ubuntu/uav_landing_sim_wg/install/uav_vision:/home/ubuntu/uav_landing_sim_wg/install/uav_autonomy:/home/ubuntu/uav_landing_sim_wg/install/micro_ros_setup:/home/ubuntu/uav_landing_sim_wg/install/micro_ros_agent:/home/ubuntu/uav_landing_sim_wg/install/micro_ros_msgs:/opt/ros/humble /usr/bin/cmake --install /home/ubuntu/uav_landing_sim_wg/build/uav_autonomy
[0.858s] -- Install configuration: "Release"
[0.863s] -- Execute custom install script
[0.865s] -- Up-to-date symlink: /home/ubuntu/uav_landing_sim_wg/install/uav_autonomy/lib/uav_autonomy/landing_manager_node
[0.872s] -- Up-to-date symlink: /home/ubuntu/uav_landing_sim_wg/install/uav_autonomy/share/uav_autonomy//launch/hardware.launch.py
[0.873s] -- Up-to-date symlink: /home/ubuntu/uav_landing_sim_wg/install/uav_autonomy/share/uav_autonomy//config/copter_gimbal.parm
[0.874s] -- Up-to-date symlink: /home/ubuntu/uav_landing_sim_wg/install/uav_autonomy/share/uav_autonomy//config/daf_xf_450_tractor.param
[0.876s] -- Up-to-date symlink: /home/ubuntu/uav_landing_sim_wg/install/uav_autonomy/share/ament_index/resource_index/package_run_dependencies/uav_autonomy
[0.878s] -- Up-to-date symlink: /home/ubuntu/uav_landing_sim_wg/install/uav_autonomy/share/ament_index/resource_index/parent_prefix_path/uav_autonomy
[0.879s] -- Up-to-date symlink: /home/ubuntu/uav_landing_sim_wg/install/uav_autonomy/share/uav_autonomy/environment/ament_prefix_path.sh
[0.881s] -- Up-to-date symlink: /home/ubuntu/uav_landing_sim_wg/install/uav_autonomy/share/uav_autonomy/environment/ament_prefix_path.dsv
[0.882s] -- Up-to-date symlink: /home/ubuntu/uav_landing_sim_wg/install/uav_autonomy/share/uav_autonomy/environment/path.sh
[0.883s] -- Up-to-date symlink: /home/ubuntu/uav_landing_sim_wg/install/uav_autonomy/share/uav_autonomy/environment/path.dsv
[0.884s] -- Up-to-date symlink: /home/ubuntu/uav_landing_sim_wg/install/uav_autonomy/share/uav_autonomy/local_setup.bash
[0.885s] -- Up-to-date symlink: /home/ubuntu/uav_landing_sim_wg/install/uav_autonomy/share/uav_autonomy/local_setup.sh
[0.886s] -- Up-to-date symlink: /home/ubuntu/uav_landing_sim_wg/install/uav_autonomy/share/uav_autonomy/local_setup.zsh
[0.887s] -- Up-to-date symlink: /home/ubuntu/uav_landing_sim_wg/install/uav_autonomy/share/uav_autonomy/local_setup.dsv
[0.887s] -- Symlinking: /home/ubuntu/uav_landing_sim_wg/install/uav_autonomy/share/uav_autonomy/package.dsv
[0.923s] -- Up-to-date symlink: /home/ubuntu/uav_landing_sim_wg/install/uav_autonomy/share/ament_index/resource_index/packages/uav_autonomy
[0.924s] -- Up-to-date symlink: /home/ubuntu/uav_landing_sim_wg/install/uav_autonomy/share/uav_autonomy/cmake/uav_autonomyConfig.cmake
[0.924s] -- Up-to-date symlink: /home/ubuntu/uav_landing_sim_wg/install/uav_autonomy/share/uav_autonomy/cmake/uav_autonomyConfig-version.cmake
[0.925s] -- Up-to-date symlink: /home/ubuntu/uav_landing_sim_wg/install/uav_autonomy/share/uav_autonomy/package.xml
[0.933s] Invoked command in '/home/ubuntu/uav_landing_sim_wg/build/uav_autonomy' returned '0': CMAKE_PREFIX_PATH=/home/ubuntu/uav_landing_sim_wg/install/uav_interfaces:/home/ubuntu/uav_landing_sim_wg/install/uav_vision:/home/ubuntu/uav_landing_sim_wg/install/uav_autonomy:/home/ubuntu/uav_landing_sim_wg/install/micro_ros_setup:/home/ubuntu/uav_landing_sim_wg/install/micro_ros_agent:/home/ubuntu/uav_landing_sim_wg/install/micro_ros_msgs:/opt/ros/humble /usr/bin/cmake --install /home/ubuntu/uav_landing_sim_wg/build/uav_autonomy
